// Jest Snapshot v1, https://goo.gl/fbAQLP

exports[`Should login 1`] = `
<div>
  <h1>
    Welcome! Login here!
  </h1>
  <form>
    <label
      for="userName"
    >
      UserName
    </label>
    <input
      id="userName"
      name="userName"
      type="text"
      value=""
    />
    <label
      for="password"
    >
      Password
    </label>
    <input
      id="password"
      name="password"
      type="password"
      value=""
    />
    <button>
      Login
    </button>
  </form>
  <h3 />
</div>
`;
